// Jest Snapshot v1, https://goo.gl/fbAQLP

exports[`Testing App component should render correctly 1`] = `"<div class=\\"header\\"><div class=\\"logo\\"><img src=\\"logo3.png\\" alt=\\"Vulpes\\"/></div><div class=\\"menu-desk\\"><ul class=\\"menulist\\"><li class=\\"menulist_item\\"><a href=\\"/\\" class=\\"menulink menulink--active\\">HOME</a></li><li class=\\"menulist_item\\"><a href=\\"/loja\\" class=\\"menulink\\">LOJA</a></li><li class=\\"menulist_item\\"><a href=\\"#\\" class=\\"menulink\\">EQUIPES</a></li><li class=\\"menulist_item\\"><a href=\\"#\\" class=\\"menulink\\">PARCEIROS</a></li><li class=\\"menulist_item\\"><a href=\\"/sobre\\" class=\\"menulink\\">SOBRE</a></li></ul></div></div><div class=\\"container\\"><div class=\\"content\\"><h1>VULPES</h1><p>Olá, nós somos um time</p><p>competitivo de eSport.</p><button class=\\"btn\\">VER MAIS</button></div><div class=\\"direita\\"><img src=\\"avatar.png\\" alt=\\"Avatar\\"/></div></div>"`;
